git checkout HEAD road-not-taken.txt
$ git checkout -- oven-bird.txt
$ git diff fire-and-ice.txt
$ git add road-not-taken.txt oven-bird.txt fire-and-ice.txt
$ git status
On branch master
Changes to be committed:
  (use "git reset HEAD <file>..." to unstage)

        modified:   fire-and-ice.txt
        modified:   oven-bird.txt
        modified:   road-not-taken.txt

$ git reset HEAD fire-and-ice.txt
Unstaged changes after reset:
M       fire-and-ice.txt
$ git commit -m "add fire and ice and road not taken poem"
[master d6260df] add fire and ice and road not taken poem
 2 files changed, 2 insertions(+)
$ git diff oven-bird.txt
diff --git a/oven-bird.txt b/oven-bird.txt
index 407b3cd..ab50cb8 100644
--- a/oven-bird.txt
+++ b/oven-bird.txt
@@ -13,4 +13,8 @@ He says the highway dust is over all.
 The bird would cease and be as other birds
 But that he knows in singing not to sing.
 The question that he frames in all but words
+Is what to make of a diminished thing.He says the highway dust is over all.
+The bird would cease and be as other birds
+But that he knows in singing not to sing.
+The question that he frames in all but words
 Is what to make of a diminished thing.
$ git status
On branch master
Changes not staged for commit:
  (use "git add <file>..." to update what will be committed)
  (use "git checkout -- <file>..." to discard changes in working directory)

        modified:   fire-and-ice.txt
        modified:   oven-bird.txt
        modified:   road-not-taken.txt

no changes added to commit (use "git add" and/or "git commit -a")
$ git add fire-and-ice.txt oven-bird.txt road-not-taken.txt
$ git commit "all three files"
error: pathspec 'all three files' did not match any file(s) known to git.
$ git commit -m "all three files"
[master 6bc854d] all three files
 3 files changed, 21 insertions(+), 5 deletions(-)
$ git log
commit 6bc854d5cc8a4bcc1332023e6e50ca149a640706
Author: codecademy <ccuser@codecademy.com>
Date:   Mon Oct 11 06:56:17 2021 +0000

    all three files

commit d6260df2c554e7d9df66cda4f33eabc8fc75a940
Author: codecademy <ccuser@codecademy.com>
Date:   Mon Oct 11 06:54:13 2021 +0000

    add fire and ice and road not taken poem

commit 8a8cf5a34991e23726fab0d5cfa630b6fb069dd6
Author: danasselin <johndoe@example.com>
Date:   Thu Nov 19 11:05:57 2015 -0500

    Start Fire and Ice

commit 7a737817881418fd12225ea3bd415c5ee9214eb8
Author: danasselin <johndoe@example.com>
$
$ git reset d6260df
Unstaged changes after reset:
M       fire-and-ice.txt
M       oven-bird.txt
M       road-not-taken.txt
$ git checkout HEAD fire-and-ice.txt oven-bird.txt road-not-taken.txt
$